// Jest Snapshot v1, https://goo.gl/fbAQLP

exports[`<Main /> should render the colors correctly 1`] = `
.c0 {
  background-color: #06092b;
  color: #fff;
  width: 100%;
  height: 100%;
  padding: 3rem;
  text-align: center;
  gap: 2rem;
  display: -webkit-box;
  display: -webkit-flex;
  display: -ms-flexbox;
  display: flex;
  -webkit-flex-direction: column;
  -ms-flex-direction: column;
  flex-direction: column;
  -webkit-align-items: center;
  -webkit-box-align: center;
  -ms-flex-align: center;
  align-items: center;
  -webkit-box-pack: center;
  -webkit-justify-content: center;
  -ms-flex-pack: center;
  justify-content: center;
}

.c1 {
  font-size: 2.5rem;
}

.c2 {
  font-size: 2rem;
  font-weight: 400;
}

<main
  class="c0"
>
  <img
    alt=""
    data-nimg="1"
    decoding="async"
    height="50"
    loading="lazy"
    src="/_next/image?url=%2Fassets%2Ficons%2F192x192.png&w=128&q=75"
    srcset="/_next/image?url=%2Fassets%2Ficons%2F192x192.png&w=64&q=75 1x, /_next/image?url=%2Fassets%2Ficons%2F192x192.png&w=128&q=75 2x"
    style="color: transparent; background-size: cover; background-position: 50% 50%; background-repeat: no-repeat;"
    width="50"
  />
  <h1
    class="c1"
  >
    Boilerplate Next + Typescript
  </h1>
  <h2
    class="c2"
  >
    TypeScript, ReactJS, NextJS e Styled Components
  </h2>
  <img
    alt="Um desenvolvedor de frente para uma tela com cÃ³digo."
    data-nimg="1"
    decoding="async"
    height="300"
    loading="lazy"
    src="/assets/img/hero-illustration.svg"
    srcset="/assets/img/hero-illustration.svg 1x, /assets/img/hero-illustration.svg 2x"
    style="color: transparent; background-size: cover; background-position: 50% 50%; background-repeat: no-repeat;"
    width="300"
  />
</main>
`;
